> Task :app:checkKotlinGradlePluginConfigurationErrors
> Task :app:preBuild UP-TO-DATE
> Task :app:preDebugBuild UP-TO-DATE
> Task :smollm:preBuild UP-TO-DATE
> Task :smollm:preDebugBuild UP-TO-DATE
> Task :smollm:writeDebugAarMetadata UP-TO-DATE
> Task :app:checkDebugAarMetadata UP-TO-DATE
> Task :app:generateDebugResValues UP-TO-DATE
> Task :smollm:generateDebugResValues UP-TO-DATE
> Task :smollm:generateDebugResources UP-TO-DATE
> Task :smollm:packageDebugResources UP-TO-DATE
> Task :app:mapDebugSourceSetPaths UP-TO-DATE
> Task :app:generateDebugResources UP-TO-DATE
> Task :app:mergeDebugResources UP-TO-DATE
> Task :app:packageDebugResources UP-TO-DATE
> Task :app:parseDebugLocalResources UP-TO-DATE
> Task :app:createDebugCompatibleScreenManifests UP-TO-DATE
> Task :app:extractDeepLinksDebug UP-TO-DATE
> Task :smollm:extractDeepLinksDebug UP-TO-DATE
> Task :smollm:processDebugManifest UP-TO-DATE
> Task :app:processDebugMainManifest UP-TO-DATE
> Task :app:processDebugManifest UP-TO-DATE
> Task :app:processDebugManifestForPackage UP-TO-DATE
> Task :smollm:compileDebugLibraryResources UP-TO-DATE
> Task :smollm:parseDebugLocalResources UP-TO-DATE
> Task :smollm:generateDebugRFile UP-TO-DATE
> Task :app:processDebugResources UP-TO-DATE
> Task :smollm:checkKotlinGradlePluginConfigurationErrors
> Task :smollm:compileDebugKotlin UP-TO-DATE
> Task :smollm:javaPreCompileDebug UP-TO-DATE
> Task :smollm:compileDebugJavaWithJavac NO-SOURCE
> Task :smollm:bundleLibCompileToJarDebug UP-TO-DATE
> Task :app:kspDebugKotlin UP-TO-DATE
> Task :app:compileDebugKotlin UP-TO-DATE
> Task :app:javaPreCompileDebug UP-TO-DATE
> Task :app:compileDebugJavaWithJavac UP-TO-DATE
> Task :app:mergeDebugShaders UP-TO-DATE
> Task :app:compileDebugShaders NO-SOURCE
> Task :app:generateDebugAssets UP-TO-DATE
> Task :smollm:mergeDebugShaders UP-TO-DATE
> Task :smollm:compileDebugShaders NO-SOURCE
> Task :smollm:generateDebugAssets UP-TO-DATE
> Task :smollm:packageDebugAssets UP-TO-DATE
> Task :app:mergeDebugAssets UP-TO-DATE
> Task :app:compressDebugAssets UP-TO-DATE
> Task :smollm:bundleLibRuntimeToJarDebug UP-TO-DATE
> Task :app:desugarDebugFileDependencies UP-TO-DATE
> Task :smollm:processDebugJavaRes UP-TO-DATE
> Task :app:hiltAggregateDepsDebug UP-TO-DATE
> Task :app:hiltJavaCompileDebug UP-TO-DATE
> Task :app:transformDebugClassesWithAsm UP-TO-DATE
> Task :app:dexBuilderDebug UP-TO-DATE
> Task :app:mergeDebugGlobalSynthetics UP-TO-DATE
> Task :app:processDebugJavaRes UP-TO-DATE
> Task :app:mergeDebugJavaResource UP-TO-DATE
> Task :app:checkDebugDuplicateClasses UP-TO-DATE
> Task :app:mergeExtDexDebug UP-TO-DATE
> Task :smollm:bundleLibRuntimeToDirDebug UP-TO-DATE
> Task :app:mergeProjectDexDebug UP-TO-DATE
> Task :app:mergeLibDexDebug UP-TO-DATE
> Task :app:mergeDebugJniLibFolders UP-TO-DATE
> Task :smollm:preReleaseBuild UP-TO-DATE
> Task :smollm:configureCMakeRelease[arm64-v8a]
> Task :smollm:buildCMakeRelease[arm64-v8a]
> Task :smollm:configureCMakeRelease[armeabi-v7a]
> Task :smollm:buildCMakeRelease[armeabi-v7a]
> Task :smollm:configureCMakeRelease[x86]
> Task :smollm:buildCMakeRelease[x86]
> Task :smollm:configureCMakeRelease[x86_64]
> Task :smollm:buildCMakeRelease[x86_64]
> Task :smollm:mergeDebugJniLibFolders UP-TO-DATE
> Task :smollm:mergeDebugNativeLibs UP-TO-DATE
> Task :smollm:copyDebugJniLibsProjectOnly UP-TO-DATE
> Task :app:mergeDebugNativeLibs UP-TO-DATE
> Task :app:stripDebugDebugSymbols UP-TO-DATE
> Task :app:validateSigningDebug UP-TO-DATE
> Task :app:writeDebugAppMetadata UP-TO-DATE
> Task :app:writeDebugSigningConfigVersions UP-TO-DATE
> Task :app:packageDebug UP-TO-DATE
> Task :app:createDebugApkListingFileRedirect UP-TO-DATE

> Task :app:installDebug
Installing APK 'app-debug.apk' on '23090RA98I - 15' for :app:debug
Installed on 1 device.

BUILD SUCCESSFUL in 12s
69 actionable tasks: 11 executed, 58 up-to-date
